// Jest Snapshot v1, https://goo.gl/fbAQLP

exports[`<ParagraphWrapper /> with initial props 1`] = `
.c0 p:not(:last-of-type) {
  margin-bottom: 20px;
}

<ParagraphWrapper
  html="<p>
  Lorem ipsum dolor sit amet, ceteros volutpat incorrupte usu no, ei duo
  tamquam eligendi, vix admodum ceteros epicurei no. Vim et dicam prodesset,
  eu usu quas ponderum. Posse admodum vel in, quodsi voluptua vis an. Vim ad
  maiestatis honestatis.
</p>
<p>
  Ex erat hendrerit concludaturque eam, cum oporteat dignissim persecuti te,
  mei ea duis tempor imperdiet. Enim persius luptatum ea mel, te aeque
  interesset mea. Ex pertinacia inciderint scribentur per. Veri postea
  nostrum has no, vim veri scaevola signiferumque eu, maiorum hendrerit ei
  vel. Verear propriae ex eos, eu sea probo equidem. Eam dicunt numquam
  liberavisse ad, ut iuvaret erroribus vituperata vel.
</p>
<p>
  Meis placerat perfecto te cum. Brute solet ius no, altera tamquam
  dissentiunt pro ad. At dicta putent causae per. At est amet case, qui
  dictas partiendo aliquando ut.
</p>"
>
  <styled.span
    dangerouslySetInnerHTML={
      Object {
        "__html": "<p>
  Lorem ipsum dolor sit amet, ceteros volutpat incorrupte usu no, ei duo
  tamquam eligendi, vix admodum ceteros epicurei no. Vim et dicam prodesset,
  eu usu quas ponderum. Posse admodum vel in, quodsi voluptua vis an. Vim ad
  maiestatis honestatis.
</p>
<p>
  Ex erat hendrerit concludaturque eam, cum oporteat dignissim persecuti te,
  mei ea duis tempor imperdiet. Enim persius luptatum ea mel, te aeque
  interesset mea. Ex pertinacia inciderint scribentur per. Veri postea
  nostrum has no, vim veri scaevola signiferumque eu, maiorum hendrerit ei
  vel. Verear propriae ex eos, eu sea probo equidem. Eam dicunt numquam
  liberavisse ad, ut iuvaret erroribus vituperata vel.
</p>
<p>
  Meis placerat perfecto te cum. Brute solet ius no, altera tamquam
  dissentiunt pro ad. At dicta putent causae per. At est amet case, qui
  dictas partiendo aliquando ut.
</p>",
      }
    }
  >
    <span
      className="c0"
      dangerouslySetInnerHTML={
        Object {
          "__html": "<p>
  Lorem ipsum dolor sit amet, ceteros volutpat incorrupte usu no, ei duo
  tamquam eligendi, vix admodum ceteros epicurei no. Vim et dicam prodesset,
  eu usu quas ponderum. Posse admodum vel in, quodsi voluptua vis an. Vim ad
  maiestatis honestatis.
</p>
<p>
  Ex erat hendrerit concludaturque eam, cum oporteat dignissim persecuti te,
  mei ea duis tempor imperdiet. Enim persius luptatum ea mel, te aeque
  interesset mea. Ex pertinacia inciderint scribentur per. Veri postea
  nostrum has no, vim veri scaevola signiferumque eu, maiorum hendrerit ei
  vel. Verear propriae ex eos, eu sea probo equidem. Eam dicunt numquam
  liberavisse ad, ut iuvaret erroribus vituperata vel.
</p>
<p>
  Meis placerat perfecto te cum. Brute solet ius no, altera tamquam
  dissentiunt pro ad. At dicta putent causae per. At est amet case, qui
  dictas partiendo aliquando ut.
</p>",
        }
      }
    />
  </styled.span>
</ParagraphWrapper>
`;
