// Jest Snapshot v1, https://goo.gl/fbAQLP

exports[`<WithVerticalSeparator /> with initial props 1`] = `
.c0 {
  display: -webkit-inline-box;
  display: -webkit-inline-flex;
  display: -ms-inline-flexbox;
  display: inline-flex;
  -webkit-align-items: center;
  -webkit-box-align: center;
  -ms-flex-align: center;
  align-items: center;
}

.c0::after {
  display: inline-block;
  content: '';
  width: 1px;
  height: 20px;
  margin: 0 20px;
}

@media (min-width:568px) {
  .c0::after {
    margin: 0 30px;
  }
}

<Styled(WithVerticalSeparator)>
  <WithVerticalSeparator
    className="c0"
  >
    <span
      className="c0"
      key=".0"
    >
      this is some text
    </span>
  </WithVerticalSeparator>
</Styled(WithVerticalSeparator)>
`;
