// Jest Snapshot v1, https://goo.gl/fbAQLP

exports[`<Gutter /> with initial props 1`] = `
.c0 {
  padding: 0 20px;
}

@media (min-width:569px) {
  .c0 {
    padding: 0 50px;
  }
}

<Gutter
  variant="default"
>
  <StyledGutter
    variant="default"
  >
    <div
      className="c0"
    >
      <span>
        This is some content.
      </span>
    </div>
  </StyledGutter>
</Gutter>
`;
